cust_id,ref_date,cc_transaction_all_cnt_l0m,cc_transaction_all_cnt_l2m,cc_transaction_all_cnt_l5m,cc_transaction_all_cnt_l8m,cc_transaction_all_cnt_l1year
1,2016-03-01,1,3,12,3,10